BL51 BANKED LINKER/LOCATER V6.22.2.0                                                    06/05/2022  20:59:39  PAGE 1


BL51 BANKED LINKER/LOCATER V6.22.2.0, INVOKED BY:
C:\KEIL_V5\C51\BIN\BL51.EXE .\Objects\STARTUP.obj, .\Objects\trest.obj TO .\Objects\test PRINT (.\Listings\test.m51)


INPUT MODULES INCLUDED:
  .\Objects\STARTUP.obj (?C_STARTUP)
  .\Objects\trest.obj (TREST)


LINK MAP OF MODULE:  .\Objects\test (?C_STARTUP)


            TYPE    BASE      LENGTH    RELOCATION   SEGMENT NAME
            -----------------------------------------------------

            * * * * * * *   D A T A   M E M O R Y   * * * * * * *
            REG     0000H     0008H     ABSOLUTE     "REG BANK 0"
            IDATA   0008H     0001H     UNIT         ?STACK

            * * * * * * *   C O D E   M E M O R Y   * * * * * * *
            CODE    0000H     0003H     ABSOLUTE     
* OVERLAP * CODE    0000H     009EH     ABSOLUTE     
                    009EH     0762H                  *** GAP ***
            CODE    0800H     000CH     UNIT         ?C_C51STARTUP



UNRESOLVED EXTERNAL SYMBOLS:
   ?C_START



SYMBOL TABLE OF MODULE:  .\Objects\test (?C_STARTUP)

  VALUE           TYPE          NAME
  ----------------------------------

  -------         MODULE        ?C_STARTUP
  C:0800H         SEGMENT       ?C_C51STARTUP
  I:0008H         SEGMENT       ?STACK
  C:0000H         PUBLIC        ?C_STARTUP
  D:00E0H         SYMBOL        ACC
  D:00F0H         SYMBOL        B
  D:0083H         SYMBOL        DPH
  D:0082H         SYMBOL        DPL
  N:0000H         SYMBOL        IBPSTACK
  N:0100H         SYMBOL        IBPSTACKTOP
  N:0080H         SYMBOL        IDATALEN
  C:0803H         SYMBOL        IDATALOOP
  N:0000H         SYMBOL        PBPSTACK
  N:0100H         SYMBOL        PBPSTACKTOP
  N:0000H         SYMBOL        PDATALEN
  N:0000H         SYMBOL        PDATASTART
  N:0000H         SYMBOL        PPAGE
  N:0000H         SYMBOL        PPAGEENABLE
  D:00A0H         SYMBOL        PPAGE_SFR
  D:0081H         SYMBOL        SP
  C:0800H         SYMBOL        STARTUP1
BL51 BANKED LINKER/LOCATER V6.22.2.0                                                  06/05/2022  20:59:39  PAGE 2


  N:0000H         SYMBOL        XBPSTACK
  N:0000H         SYMBOL        XBPSTACKTOP
  N:0000H         SYMBOL        XDATALEN
  N:0000H         SYMBOL        XDATASTART
  C:0000H         LINE#         126
  C:0800H         LINE#         133
  C:0802H         LINE#         134
  C:0803H         LINE#         135
  C:0804H         LINE#         136
  C:0806H         LINE#         185
  C:0809H         LINE#         196
  -------         ENDMOD        ?C_STARTUP

  -------         MODULE        TREST
  D:00E0H         SYMBOL        ACC
  C:0000H         SYMBOL        DATA1
  C:0099H         SYMBOL        DELAY
  C:006DH         SYMBOL        FINISH
  C:0065H         SYMBOL        LOOP
  D:0090H         SYMBOL        P1
  C:006FH         SYMBOL        SENDCHARACTER
  C:0009H         LINE#         3
  C:000CH         LINE#         4
  C:000FH         LINE#         5
  C:0012H         LINE#         6
  C:0015H         LINE#         13
  C:0017H         LINE#         16
  C:0019H         LINE#         17
  C:001BH         LINE#         18
  C:001DH         LINE#         19
  C:001FH         LINE#         21
  C:0021H         LINE#         22
  C:0023H         LINE#         24
  C:0025H         LINE#         28
  C:0027H         LINE#         29
  C:0029H         LINE#         32
  C:002BH         LINE#         34
  C:002DH         LINE#         35
  C:002FH         LINE#         37
  C:0031H         LINE#         42
  C:0033H         LINE#         43
  C:0035H         LINE#         44
  C:0037H         LINE#         45
  C:0039H         LINE#         47
  C:003BH         LINE#         48
  C:003DH         LINE#         50
  C:003FH         LINE#         51
  C:0041H         LINE#         53
  C:0043H         LINE#         54
  C:0045H         LINE#         56
  C:0047H         LINE#         61
  C:0049H         LINE#         62
  C:004BH         LINE#         63
  C:004DH         LINE#         64
  C:004FH         LINE#         66
  C:0051H         LINE#         67
  C:0053H         LINE#         69
BL51 BANKED LINKER/LOCATER V6.22.2.0                                                  06/05/2022  20:59:39  PAGE 3


  C:0055H         LINE#         70
  C:0057H         LINE#         71
  C:0059H         LINE#         72
  C:005BH         LINE#         74
  C:005DH         LINE#         75
  C:005FH         LINE#         77
  C:0061H         LINE#         81
  C:0063H         LINE#         82
  C:0065H         LINE#         84
  C:0066H         LINE#         85
  C:0068H         LINE#         86
  C:006AH         LINE#         87
  C:006BH         LINE#         88
  C:006DH         LINE#         91
  C:006FH         LINE#         95
  C:0071H         LINE#         96
  C:0073H         LINE#         97
  C:0075H         LINE#         98
  C:0077H         LINE#         99
  C:0079H         LINE#         100
  C:007BH         LINE#         101
  C:007DH         LINE#         102
  C:007FH         LINE#         104
  C:0081H         LINE#         105
  C:0083H         LINE#         107
  C:0085H         LINE#         108
  C:0087H         LINE#         109
  C:0089H         LINE#         110
  C:008BH         LINE#         111
  C:008DH         LINE#         112
  C:008FH         LINE#         113
  C:0091H         LINE#         114
  C:0093H         LINE#         116
  C:0095H         LINE#         117
  C:0097H         LINE#         119
  C:0099H         LINE#         122
  C:009BH         LINE#         123
  C:009DH         LINE#         124
  -------         ENDMOD        TREST

*** WARNING L5: CODE SPACE MEMORY OVERLAP
    FROM:    0000H
    TO:      0002H

*** WARNING L1: UNRESOLVED EXTERNAL SYMBOL
    SYMBOL:  ?C_START
    MODULE:  .\Objects\STARTUP.obj (?C_STARTUP)

*** WARNING L2: REFERENCE MADE TO UNRESOLVED EXTERNAL
    SYMBOL:  ?C_START
    MODULE:  .\Objects\STARTUP.obj (?C_STARTUP)
    ADDRESS: 080AH

******************************************************************************
* RESTRICTED VERSION WITH 0800H BYTE CODE SIZE LIMIT; USED: 00ADH BYTE ( 8%) *
******************************************************************************

BL51 BANKED LINKER/LOCATER V6.22.2.0                                                  06/05/2022  20:59:39  PAGE 4


Program Size: data=9.0 xdata=0 code=173
LINK/LOCATE RUN COMPLETE.  3 WARNING(S),  0 ERROR(S)
