MPLINK 5.09, LINKER
Linker Map File - Created Wed Aug 31 17:51:39 2022

                                 Section Info
                  Section       Type    Address   Location Size(Bytes)
                ---------  ---------  ---------  ---------  ---------
             RESET_VECTOR       code   0x000000    program   0x000002
                   .cinit    romdata   0x000001    program   0x000004
               INT_VECTOR       code   0x000004    program   0x000018
                MAIN_PROG       code   0x000010    program   0x000156
.config_2007_BUILD/DEFAULT/PRODUCTION/123.O       code   0x002007    program   0x000002
                  INT_VAR      udata   0x000070       data   0x000003



                              Program Memory Usage 
                               Start         End      
                           ---------   ---------      
                            0x000000    0x000002      
                            0x000004    0x0000ba      
                            0x002007    0x002007      
            187 out of 4359 program addresses used, program memory utilization is 4%



                              Symbols - Sorted by Name
                     Name    Address   Location    Storage File                     
                ---------  ---------  ---------  --------- ---------                
                    Again   0x000020    program     static C:\Users\GH2\Desktop\new\first.X\123.asm
             Check_second   0x000034    program     static C:\Users\GH2\Desktop\new\first.X\123.asm
                       D1   0x0000ab    program     static C:\Users\GH2\Desktop\new\first.X\123.asm
                       D2   0x0000ad    program     static C:\Users\GH2\Desktop\new\first.X\123.asm
                       D3   0x0000af    program     static C:\Users\GH2\Desktop\new\first.X\123.asm
                    Delay   0x0000a9    program     static C:\Users\GH2\Desktop\new\first.X\123.asm
                  Display   0x000081    program     static C:\Users\GH2\Desktop\new\first.X\123.asm
                INTERRUPT   0x000004    program     static C:\Users\GH2\Desktop\new\first.X\123.asm
                       L1   0x00001e    program     static C:\Users\GH2\Desktop\new\first.X\123.asm
                  S_delay   0x00009c    program     static C:\Users\GH2\Desktop\new\first.X\123.asm
                       T2   0x00009e    program     static C:\Users\GH2\Desktop\new\first.X\123.asm
                       T3   0x0000a0    program     static C:\Users\GH2\Desktop\new\first.X\123.asm
                      TE1   0x000024    program     static C:\Users\GH2\Desktop\new\first.X\123.asm
                      TE2   0x000038    program     static C:\Users\GH2\Desktop\new\first.X\123.asm
                     back   0x000052    program     static C:\Users\GH2\Desktop\new\first.X\123.asm
                     less   0x000080    program     static C:\Users\GH2\Desktop\new\first.X\123.asm
                     main   0x000010    program     static C:\Users\GH2\Desktop\new\first.X\123.asm
          make_ninty_nine   0x000045    program     static C:\Users\GH2\Desktop\new\first.X\123.asm
              make_number   0x000050    program     static C:\Users\GH2\Desktop\new\first.X\123.asm
                make_zero   0x000031    program     static C:\Users\GH2\Desktop\new\first.X\123.asm
                     show   0x000048    program     static C:\Users\GH2\Desktop\new\first.X\123.asm
                    table   0x000091    program     static C:\Users\GH2\Desktop\new\first.X\123.asm
              pclath_temp   0x000072       data     static C:\Users\GH2\Desktop\new\first.X\123.asm
              status_temp   0x000071       data     static C:\Users\GH2\Desktop\new\first.X\123.asm
                   w_temp   0x000070       data     static C:\Users\GH2\Desktop\new\first.X\123.asm



                              Symbols - Sorted by Address
                     Name    Address   Location    Storage File                     
                ---------  ---------  ---------  --------- ---------                
                INTERRUPT   0x000004    program     static C:\Users\GH2\Desktop\new\first.X\123.asm
                     main   0x000010    program     static C:\Users\GH2\Desktop\new\first.X\123.asm
                       L1   0x00001e    program     static C:\Users\GH2\Desktop\new\first.X\123.asm
                    Again   0x000020    program     static C:\Users\GH2\Desktop\new\first.X\123.asm
                      TE1   0x000024    program     static C:\Users\GH2\Desktop\new\first.X\123.asm
                make_zero   0x000031    program     static C:\Users\GH2\Desktop\new\first.X\123.asm
             Check_second   0x000034    program     static C:\Users\GH2\Desktop\new\first.X\123.asm
                      TE2   0x000038    program     static C:\Users\GH2\Desktop\new\first.X\123.asm
          make_ninty_nine   0x000045    program     static C:\Users\GH2\Desktop\new\first.X\123.asm
                     show   0x000048    program     static C:\Users\GH2\Desktop\new\first.X\123.asm
              make_number   0x000050    program     static C:\Users\GH2\Desktop\new\first.X\123.asm
                     back   0x000052    program     static C:\Users\GH2\Desktop\new\first.X\123.asm
                     less   0x000080    program     static C:\Users\GH2\Desktop\new\first.X\123.asm
                  Display   0x000081    program     static C:\Users\GH2\Desktop\new\first.X\123.asm
                    table   0x000091    program     static C:\Users\GH2\Desktop\new\first.X\123.asm
                  S_delay   0x00009c    program     static C:\Users\GH2\Desktop\new\first.X\123.asm
                       T2   0x00009e    program     static C:\Users\GH2\Desktop\new\first.X\123.asm
                       T3   0x0000a0    program     static C:\Users\GH2\Desktop\new\first.X\123.asm
                    Delay   0x0000a9    program     static C:\Users\GH2\Desktop\new\first.X\123.asm
                       D1   0x0000ab    program     static C:\Users\GH2\Desktop\new\first.X\123.asm
                       D2   0x0000ad    program     static C:\Users\GH2\Desktop\new\first.X\123.asm
                       D3   0x0000af    program     static C:\Users\GH2\Desktop\new\first.X\123.asm
                   w_temp   0x000070       data     static C:\Users\GH2\Desktop\new\first.X\123.asm
              status_temp   0x000071       data     static C:\Users\GH2\Desktop\new\first.X\123.asm
              pclath_temp   0x000072       data     static C:\Users\GH2\Desktop\new\first.X\123.asm


