Microchip MPLAB XC8 Compiler V2.32

Linker command line:

-W-3 --edf=C:\Program Files\Microchip\xc8\v2.32\pic\dat\en_msgs.txt -cn \
  -h+dist/default/production\abc.X.production.sym \
  --cmf=dist/default/production\abc.X.production.cmf -z -Q18F4620 \
  -oC:\Users\Zulfiqar\AppData\Local\Temp\xcAs8l8.5 --defsym=__MPLAB_BUILD=1 \
  -Mdist/default/production/abc.X.production.map -E1 -ver=XC8 Compiler \
  --acfsm=1493 -ASTACK=080h-0F7Fh -pstack=STACK -ACODE=00h-0FFFFh \
  -ACONST=00h-0FFFFh -ASMALLCONST=01000h-010FFhx240 \
  -AMEDIUMCONST=01000h-0FFFFh -ACOMRAM=01h-07Fh -AABS1=00h-0F7Fh \
  -ABIGRAM=01h-0F7Fh -ARAM=080h-0FFh,0100h-01FFhx14,0F00h-0F7Fh \
  -ABANK0=080h-0FFh -ABANK1=0100h-01FFh -ABANK2=0200h-02FFh \
  -ABANK3=0300h-03FFh -ABANK4=0400h-04FFh -ABANK5=0500h-05FFh \
  -ABANK6=0600h-06FFh -ABANK7=0700h-07FFh -ABANK8=0800h-08FFh \
  -ABANK9=0900h-09FFh -ABANK10=0A00h-0AFFh -ABANK11=0B00h-0BFFh \
  -ABANK12=0C00h-0CFFh -ABANK13=0D00h-0DFFh -ABANK14=0E00h-0EFFh \
  -ABANK15=0F00h-0F7Fh -ASFR=0F80h-0FFFh -ACONFIG=0300000h-030000Dh \
  -AIDLOC=0200000h-0200007h -AEEDATA=0F00000h-0F003FFh -peeprom_data=EEDATA \
  -preset_vec=00h,intcode,intcodelo,powerup,init -pramtop=01000h \
  -psmallconst=SMALLCONST -pmediumconst=MEDIUMCONST -pconst=CONST \
  -AFARRAM=00h-00h \
  -prdata=COMRAM,nvrram=COMRAM,nvbit=COMRAM,rbss=COMRAM,rbit=COMRAM \
  -pfarbss=FARRAM,fardata=FARRAM,nvFARRAM=FARRAM \
  -pintsave_regs=BIGRAM,bigbss=BIGRAM,bigdata=BIGRAM -pbss=RAM \
  -pidata=CODE,irdata=CODE,ibigdata=CODE,ifardata=CODE -prparam=COMRAM \
  C:\Users\Zulfiqar\AppData\Local\Temp\xcAs8l8.o \
  dist/default/production\abc.X.production.o 

Object code version is 3.11

Machine type is 18F4620



                Name                               Link     Load   Length Selector   Space Scale
C:\Users\Zulfiqar\AppData\Local\Temp\xcAs8l8.o
                idloc                            200000   200000        8        0       5
                config                           300000   300000        E        0       4
                init                                  0        0        4        0       0
dist/default/production\abc.X.production.o
                idloc                            200000   200000        8        0       5
                config                           300000   300000        E        0       4
                smallconst                         1000     1000       1C      800       0
                text18                             145E     145E       C4      80E       0
                text17                             15DA     15DA       B0      80E       0
                text16                             1972     1972       26      80E       0
                text15                             1364     1364       FA      80E       0
                text14                             191A     191A       30      80E       0
                text13                             18EA     18EA       30      80E       0
                text12                             17FA     17FA       4A      80E       0
                text11                             1998     1998       1C      80E       0
                text10                             194A     194A       28      80E       0
                text9                              1758     1758       56      80E       0
                text8                              18B8     18B8       32      80E       0
                text7                              1522     1522       B8      80E       0
                text6                              168A     168A       68      80E       0
                text5                              1136     1136      11A      80E       0
                text4                              101C     101C      11A      80E       0
                text3                              1844     1844       42      80E       0
                text2                              17AE     17AE       4C      80E       0
                text1                              1250     1250      114      80E       0
                text0                              16F2     16F2       66      80E       0
                cstackCOMRAM                         20       20       12        1       1
                dataCOMRAM                           32       32        2        1       1
                bssCOMRAM                             1        1       1F        1       1
                cinit                              1886     1886       32      80E       0
                idataCOMRAM                        19B4     19B4        2      80E       0

TOTAL           Name                               Link     Load   Length     Space
        CLASS   STACK          

        CLASS   CODE           
                init                                  0        0        4         0
                text18                             145E     145E       C4         0
                text17                             15DA     15DA       B0         0
                text16                             1972     1972       26         0
                text15                             1364     1364       FA         0
                text14                             191A     191A       30         0
                text13                             18EA     18EA       30         0
                text12                             17FA     17FA       4A         0
                text11                             1998     1998       1C         0
                text10                             194A     194A       28         0
                text9                              1758     1758       56         0
                text8                              18B8     18B8       32         0
                text7                              1522     1522       B8         0
                text6                              168A     168A       68         0
                text5                              1136     1136      11A         0
                text4                              101C     101C      11A         0
                text3                              1844     1844       42         0
                text2                              17AE     17AE       4C         0
                text1                              1250     1250      114         0
                text0                              16F2     16F2       66         0
                cinit                              1886     1886       32         0
                idataCOMRAM                        19B4     19B4        2         0

        CLASS   CONST          

        CLASS   SMALLCONST     
                smallconst                         1000     1000       1C         0

        CLASS   MEDIUMCONST    

        CLASS   COMRAM         
                cstackCOMRAM                         20       20       12         1
                dataCOMRAM                           32       32        2         1
                bssCOMRAM                             1        1       1F         1

        CLASS   ABS1           

        CLASS   BIGRAM         

        CLASS   RAM            

        CLASS   BANK0          

        CLASS   BANK1          

        CLASS   BANK2          

        CLASS   BANK3          

        CLASS   BANK4          

        CLASS   BANK5          

        CLASS   BANK6          

        CLASS   BANK7          

        CLASS   BANK8          

        CLASS   BANK9          

        CLASS   BANK10         

        CLASS   BANK11         

        CLASS   BANK12         

        CLASS   BANK13         

        CLASS   BANK14         

        CLASS   BANK15         

        CLASS   SFR            

        CLASS   CONFIG         
                config                           300000   300000        E         4

        CLASS   IDLOC          
                idloc                            200000   200000        8         5

        CLASS   EEDATA         

        CLASS   FARRAM         



SEGMENTS        Name                           Load    Length   Top    Selector   Space  Class

                reset_vec                      000000  000004  000004         0       0  CODE    
                bssCOMRAM                      000001  000033  000034         1       1  COMRAM  
                smallconst                     001000  00001C  00101C       800       0  SMALLCON
                text4                          00101C  00099A  0019B6       80E       0  CODE    


UNUSED ADDRESS RANGES

        Name                Unused          Largest block    Delta
        BANK0            000080-0000FF               80
        BANK1            000100-0001FF              100
        BANK10           000A00-000AFF              100
        BANK11           000B00-000BFF              100
        BANK12           000C00-000CFF              100
        BANK13           000D00-000DFF              100
        BANK14           000E00-000EFF              100
        BANK15           000F00-000F7F               80
        BANK2            000200-0002FF              100
        BANK3            000300-0003FF              100
        BANK4            000400-0004FF              100
        BANK5            000500-0005FF              100
        BANK6            000600-0006FF              100
        BANK7            000700-0007FF              100
        BANK8            000800-0008FF              100
        BANK9            000900-0009FF              100
        BIGRAM           000034-000F7F              F4C
        CODE             000004-000FFF              FFC
                         0019B6-00FFFF             E64A
        COMRAM           000034-00007F               4C
        CONST            000004-000FFF              FFC
                         0019B6-00FFFF             E64A
        EEDATA           F00000-F003FF              400
        MEDIUMCONST      0019B6-00FFFF             E64A
        RAM              000080-000F7F              100
        SFR              000F80-000FFF               80
        SMALLCONST       0019B6-00FFFF              100
        STACK            000080-000F7F              F00

                                  Symbol Table

?___awdiv                cstackCOMRAM 000020
?___awmod                cstackCOMRAM 000020
?___wmul                 cstackCOMRAM 000020
?_do_minus               cstackCOMRAM 000027
?_do_plus                cstackCOMRAM 000027
?_get                    cstackCOMRAM 000020
?_get1                   cstackCOMRAM 000020
MSDelay@i                cstackCOMRAM 000022
MSDelay@itime            cstackCOMRAM 000020
MSDelay@j                cstackCOMRAM 000024
_ADCON0                  (abs)        000FC2
_ADCON0bits              (abs)        000FC2
_ADCON1                  (abs)        000FC1
_ADCON2                  (abs)        000FC0
_ADRESH                  (abs)        000FC4
_ADRESL                  (abs)        000FC3
_Bin_temp                bssCOMRAM    000015
_Bin_temp1               bssCOMRAM    000013
_CO                      bssCOMRAM    00001B
_H_byte                  bssCOMRAM    00001D
_L_byte                  bssCOMRAM    00001E
_MSDelay                 text12       0017FA
_PORTBbits               (abs)        000F81
_PORTCbits               (abs)        000F82
_PORTD                   (abs)        000F83
_PORTEbits               (abs)        000F84
_Quantity                bssCOMRAM    000017
_TRISA                   (abs)        000F92
_TRISBbits               (abs)        000F93
_TRISCbits               (abs)        000F94
_TRISD                   (abs)        000F95
_TRISE                   (abs)        000F96
_XO                      bssCOMRAM    000019
__HRAM                   (abs)        000000
__Habs1                  abs1         000000
__Hbank0                 bank0        000000
__Hbank1                 bank1        000000
__Hbank10                bank10       000000
__Hbank11                bank11       000000
__Hbank12                bank12       000000
__Hbank13                bank13       000000
__Hbank14                bank14       000000
__Hbank15                bank15       000000
__Hbank2                 bank2        000000
__Hbank3                 bank3        000000
__Hbank4                 bank4        000000
__Hbank5                 bank5        000000
__Hbank6                 bank6        000000
__Hbank7                 bank7        000000
__Hbank8                 bank8        000000
__Hbank9                 bank9        000000
__Hbigbss                bigbss       000000
__Hbigdata               bigdata      000000
__Hbigram                bigram       000000
__Hbss                   bss          000000
__HbssCOMRAM             bssCOMRAM    000000
__Hcinit                 cinit        000000
__Hclrtext               clrtext      000000
__Hcomram                comram       000000
__Hconfig                config       30000E
__Hconst                 const        000000
__HcstackCOMRAM          cstackCOMRAM 000000
__Hdata                  data         000000
__HdataCOMRAM            dataCOMRAM   000000
__Heeprom_data           eeprom_data  000000
__Hfarbss                farbss       000000
__Hfardata               fardata      000000
__Hibigdata              ibigdata     000000
__Hidata                 idata        000000
__HidataCOMRAM           idataCOMRAM  000000
__Hidloc                 idloc        200008
__Hifardata              ifardata     000000
__Hinit                  init         000004
__Hintcode               intcode      000000
__Hintcode_body          intcode_body 000000
__Hintcodelo             intcodelo    000000
__Hintentry              intentry     000000
__Hintret                intret       000000
__Hintsave_regs          intsave_regs 000000
__Hirdata                irdata       000000
__Hmediumconst           mediumconst  000000
__HnvFARRAM              nvFARRAM     000000
__Hnvbit                 nvbit        000000
__Hnvrram                nvrram       000000
__Hparam                 rparam       000000
__Hpowerup               powerup      000000
__Hram                   ram          000000
__Hramtop                ramtop       001000
__Hrbit                  rbit         000000
__Hrbss                  rbss         000000
__Hrdata                 rdata        000000
__Hreset_vec             reset_vec    000000
__Hrparam                rparam       000000
__Hsfr                   sfr          000000
__Hsmallconst            smallconst   00101C
__Hspace_0               (abs)        0019B6
__Hspace_1               (abs)        000034
__Hspace_2               (abs)        000000
__Hspace_4               (abs)        60000E
__Hstack                 stack        000000
__Hstruct                struct       000000
__Htemp                  temp         000000
__Htext                  text         000000
__Htext0                 text0        000000
__Htext1                 text1        000000
__Htext10                text10       000000
__Htext11                text11       000000
__Htext12                text12       000000
__Htext13                text13       000000
__Htext14                text14       000000
__Htext15                text15       000000
__Htext16                text16       000000
__Htext17                text17       000000
__Htext18                text18       000000
__Htext2                 text2        000000
__Htext3                 text3        000000
__Htext4                 text4        000000
__Htext5                 text5        000000
__Htext6                 text6        000000
__Htext7                 text7        000000
__Htext8                 text8        000000
__Htext9                 text9        000000
__LRAM                   (abs)        000001
__Labs1                  abs1         000000
__Lbank0                 bank0        000000
__Lbank1                 bank1        000000
__Lbank10                bank10       000000
__Lbank11                bank11       000000
__Lbank12                bank12       000000
__Lbank13                bank13       000000
__Lbank14                bank14       000000
__Lbank15                bank15       000000
__Lbank2                 bank2        000000
__Lbank3                 bank3        000000
__Lbank4                 bank4        000000
__Lbank5                 bank5        000000
__Lbank6                 bank6        000000
__Lbank7                 bank7        000000
__Lbank8                 bank8        000000
__Lbank9                 bank9        000000
__Lbigbss                bigbss       000000
__Lbigdata               bigdata      000000
__Lbigram                bigram       000000
__Lbss                   bss          000000
__LbssCOMRAM             bssCOMRAM    000000
__Lcinit                 cinit        000000
__Lclrtext               clrtext      000000
__Lcomram                comram       000000
__Lconfig                config       000000
__Lconst                 const        000000
__LcstackCOMRAM          cstackCOMRAM 000000
__Ldata                  data         000000
__LdataCOMRAM            dataCOMRAM   000000
__Leeprom_data           eeprom_data  000000
__Lfarbss                farbss       000000
__Lfardata               fardata      000000
__Libigdata              ibigdata     000000
__Lidata                 idata        000000
__LidataCOMRAM           idataCOMRAM  000000
__Lidloc                 idloc        000000
__Lifardata              ifardata     000000
__Linit                  init         000000
__Lintcode               intcode      000000
__Lintcode_body          intcode_body 000000
__Lintcodelo             intcodelo    000000
__Lintentry              intentry     000000
__Lintret                intret       000000
__Lintsave_regs          intsave_regs 000000
__Lirdata                irdata       000000
__Lmediumconst           mediumconst  000000
__LnvFARRAM              nvFARRAM     000000
__Lnvbit                 nvbit        000000
__Lnvrram                nvrram       000000
__Lparam                 rparam       000000
__Lpowerup               powerup      000000
__Lram                   ram          000000
__Lramtop                ramtop       001000
__Lrbit                  rbit         000000
__Lrbss                  rbss         000000
__Lrdata                 rdata        000000
__Lreset_vec             reset_vec    000000
__Lrparam                rparam       000000
__Lsfr                   sfr          000000
__Lsmallconst            smallconst   001000
__Lspace_0               (abs)        000000
__Lspace_1               (abs)        000000
__Lspace_2               (abs)        000000
__Lspace_4               (abs)        000000
__Lstack                 stack        000000
__Lstruct                struct       000000
__Ltemp                  temp         000000
__Ltext                  text         000000
__Ltext0                 text0        000000
__Ltext1                 text1        000000
__Ltext10                text10       000000
__Ltext11                text11       000000
__Ltext12                text12       000000
__Ltext13                text13       000000
__Ltext14                text14       000000
__Ltext15                text15       000000
__Ltext16                text16       000000
__Ltext17                text17       000000
__Ltext18                text18       000000
__Ltext2                 text2        000000
__Ltext3                 text3        000000
__Ltext4                 text4        000000
__Ltext5                 text5        000000
__Ltext6                 text6        000000
__Ltext7                 text7        000000
__Ltext8                 text8        000000
__Ltext9                 text9        000000
__S0                     (abs)        0019B6
__S1                     (abs)        000034
__S2                     (abs)        000000
__S4                     (abs)        000000
__S5                     (abs)        000000
___awdiv                 text18       00145E
___awdiv@counter         cstackCOMRAM 000024
___awdiv@dividend        cstackCOMRAM 000020
___awdiv@divisor         cstackCOMRAM 000022
___awdiv@quotient        cstackCOMRAM 000026
___awdiv@sign            cstackCOMRAM 000025
___awmod                 text17       0015DA
___awmod@counter         cstackCOMRAM 000024
___awmod@dividend        cstackCOMRAM 000020
___awmod@divisor         cstackCOMRAM 000022
___awmod@sign            cstackCOMRAM 000025
___inthi_sp              stack        000000
___intlo_sp              stack        000000
___param_bank            (abs)        000000
___rparam_used           (abs)        000001
___sp                    stack        000000
___wmul                  text16       001972
___wmul@multiplicand     cstackCOMRAM 000022
___wmul@multiplier       cstackCOMRAM 000020
___wmul@product          cstackCOMRAM 000024
__accesstop              (abs)        000080
__activetblptr           (abs)        000001
__end_of_MSDelay         text12       001844
__end_of___awdiv         text18       001522
__end_of___awmod         text17       00168A
__end_of___wmul          text16       001998
__end_of__initialization cinit        0018AA
__end_of_convert         text15       00145E
__end_of_convert1        text5        001250
__end_of_convert2        text4        001136
__end_of_do_minus        text3        001886
__end_of_do_plus         text2        0017FA
__end_of_do_task         text7        0015DA
__end_of_get             text14       00194A
__end_of_get1            text13       00191A
__end_of_lcdcmd          text11       0019B4
__end_of_lcddata         text10       001972
__end_of_main            text0        001758
__end_of_print           text9        0017AE
__end_of_send_commands   text6        0016F2
__end_of_set_interval    text1        001364
__end_of_show            text8        0018EA
__initialization         cinit        001886
__mediumconst            mediumconst  000000
__pbssCOMRAM             bssCOMRAM    000001
__pcinit                 cinit        001886
__pcstackCOMRAM          cstackCOMRAM 000020
__pdataCOMRAM            dataCOMRAM   000032
__pidataCOMRAM           idataCOMRAM  0019B4
__psmallconst            smallconst   001000
__ptext0                 text0        0016F2
__ptext1                 text1        001250
__ptext10                text10       00194A
__ptext11                text11       001998
__ptext12                text12       0017FA
__ptext13                text13       0018EA
__ptext14                text14       00191A
__ptext15                text15       001364
__ptext16                text16       001972
__ptext17                text17       0015DA
__ptext18                text18       00145E
__ptext2                 text2        0017AE
__ptext3                 text3        001844
__ptext4                 text4        00101C
__ptext5                 text5        001136
__ptext6                 text6        00168A
__ptext7                 text7        001522
__ptext8                 text8        0018B8
__ptext9                 text9        001758
__ramtop                 ramtop       001000
__size_of_MSDelay        (abs)        000000
__size_of___awdiv        (abs)        000000
__size_of___awmod        (abs)        000000
__size_of___wmul         (abs)        000000
__size_of_convert        (abs)        000000
__size_of_convert1       (abs)        000000
__size_of_convert2       (abs)        000000
__size_of_do_minus       (abs)        000000
__size_of_do_plus        (abs)        000000
__size_of_do_task        (abs)        000000
__size_of_get            (abs)        000000
__size_of_get1           (abs)        000000
__size_of_lcdcmd         (abs)        000000
__size_of_lcddata        (abs)        000000
__size_of_main           (abs)        000000
__size_of_print          (abs)        000000
__size_of_send_commands  (abs)        000000
__size_of_set_interval   (abs)        000000
__size_of_show           (abs)        000000
__smallconst             smallconst   001000
_a                       bssCOMRAM    000009
_b                       bssCOMRAM    000001
_c                       bssCOMRAM    000011
_c1                      bssCOMRAM    00000F
_convert                 text15       001364
_convert1                text5        001136
_convert2                text4        00101C
_copy                    bssCOMRAM    00000D
_do_minus                text3        001844
_do_plus                 text2        0017AE
_do_task                 text7        001522
_get                     text14       00191A
_get1                    text13       0018EA
_interval                dataCOMRAM   000032
_lcdcmd                  text11       001998
_lcddata                 text10       00194A
_main                    text0        0016F2
_mybyte                  bssCOMRAM    00001F
_print                   text9        001758
_send_commands           text6        00168A
_set_interval            text1        001250
_show                    text8        0018B8
convert1@factor1         cstackCOMRAM 000030
convert1@i               cstackCOMRAM 00002C
convert1@num1            cstackCOMRAM 000028
convert1@temp1           cstackCOMRAM 00002E
convert1@y1              cstackCOMRAM 00002A
convert2@factor2         cstackCOMRAM 000030
convert2@i               cstackCOMRAM 00002C
convert2@num2            cstackCOMRAM 000028
convert2@temp2           cstackCOMRAM 00002E
convert2@y2              cstackCOMRAM 00002A
convert@factor           cstackCOMRAM 000030
convert@i                cstackCOMRAM 00002C
convert@num              cstackCOMRAM 000028
convert@temp             cstackCOMRAM 00002E
convert@y                cstackCOMRAM 00002A
do_minus@K1              cstackCOMRAM 000027
do_plus@K                cstackCOMRAM 000027
end_of_initialization    cinit        0018AA
get1@digital             cstackCOMRAM 000024
get@digital              cstackCOMRAM 000024
intlevel0                text         000000
intlevel1                text         000000
intlevel2                text         000000
intlevel3                text         000000
isa$std                  (abs)        000001
isa$xinst                (abs)        000000
lcdcmd@value             cstackCOMRAM 000026
lcddata@value            cstackCOMRAM 000026
print@i                  cstackCOMRAM 00002B
print@z                  cstackCOMRAM 000027
stackhi                  (abs)        000F7F
stacklo                  (abs)        000080
start                    init         000000
start_initialization     cinit        001886


MODULE INFORMATION

Module		Function		Class		Link	Load	Size
C:\Program Files\Microchip\xc8\v2.32\pic\sources\c99\common\awdiv.c
		___awdiv       		CODE           	145E	0000	196

C:\Program Files\Microchip\xc8\v2.32\pic\sources\c99\common\awdiv.c estimated size: 196

project.c
		_do_plus       		CODE           	17AE	0000	76
		_main          		CODE           	16F2	0000	102
		_lcdcmd        		CODE           	1998	0000	28
		_get           		CODE           	191A	0000	48
		_do_minus      		CODE           	1844	0000	66
		_set_interval  		CODE           	1250	0000	276
		_do_task       		CODE           	1522	0000	184
		_MSDelay       		CODE           	17FA	0000	74
		_show          		CODE           	18B8	0000	50
		_get1          		CODE           	18EA	0000	48
		_lcddata       		CODE           	194A	0000	40
		_print         		CODE           	1758	0000	86
		_send_commands 		CODE           	168A	0000	104
		_convert       		CODE           	1364	0000	250
		_convert1      		CODE           	1136	0000	282
		_convert2      		CODE           	101C	0000	282

project.c estimated size: 1996

C:\Program Files\Microchip\xc8\v2.32\pic\sources\c99\common\Umul16.c
		___wmul        		CODE           	1972	0000	38

C:\Program Files\Microchip\xc8\v2.32\pic\sources\c99\common\Umul16.c estimated size: 38

shared
		__initialization		CODE           	1886	0000	36

shared estimated size: 36

C:\Program Files\Microchip\xc8\v2.32\pic\sources\c99\common\awmod.c
		___awmod       		CODE           	15DA	0000	176

C:\Program Files\Microchip\xc8\v2.32\pic\sources\c99\common\awmod.c estimated size: 176

